Archive member included to satisfy reference by file (symbol)

d:/atollic/truestudio for stm32 9.2.0/armtools/bin/../lib/gcc/arm-atollic-eabi/6.3.1/../../../../arm-atollic-eabi/lib/armv7e-m/fpu\libc_nano.a(lib_a-init.o)
                              startup\startup_stm32f303xe.o (__libc_init_array)
d:/atollic/truestudio for stm32 9.2.0/armtools/bin/../lib/gcc/arm-atollic-eabi/6.3.1/../../../../arm-atollic-eabi/lib/armv7e-m/fpu\libc_nano.a(lib_a-memcpy-stub.o)
                              Middlewares\Third_Party\FreeRTOS\Source\queue.o (memcpy)
d:/atollic/truestudio for stm32 9.2.0/armtools/bin/../lib/gcc/arm-atollic-eabi/6.3.1/../../../../arm-atollic-eabi/lib/armv7e-m/fpu\libc_nano.a(lib_a-memset.o)
                              Src\main.o (memset)
d:/atollic/truestudio for stm32 9.2.0/armtools/bin/../lib/gcc/arm-atollic-eabi/6.3.1/armv7e-m/fpu\libgcc.a(_lshrdi3.o)
                              Drivers\STM32F3xx_HAL_Driver\Src\stm32f3xx_hal_flash.o (__aeabi_llsr)

Allocating common symbols
Common symbol       size              file

defaultTaskHandle   0x4               Src\main.o
huart3              0x70              Src\main.o
UartHandle          0x70              Src\carHw.o
uwTick              0x4               Drivers\STM32F3xx_HAL_Driver\Src\stm32f3xx_hal.o
xQueueRegistry      0x40              Middlewares\Third_Party\FreeRTOS\Source\queue.o
pFlash              0x20              Drivers\STM32F3xx_HAL_Driver\Src\stm32f3xx_hal_flash.o
huart1              0x70              Src\carHw.o
extlEnvTaskHandle   0x4               Src\main.o
osQueue             0x4               Src\main.o
myBinarySem01Handle
                    0x4               Src\main.o
aRxBuffer           0x64              Src\main.o
myQueue01Handle     0x4               Src\main.o
cmdQueueHandle      0x4               Src\main.o
huart2              0x70              Src\main.o
driverTaskHandle    0x4               Src\main.o

Discarded input sections

 .text          0x00000000        0x0 d:/atollic/truestudio for stm32 9.2.0/armtools/bin/../lib/gcc/arm-atollic-eabi/6.3.1/armv7e-m/fpu/crti.o
 .data          0x00000000        0x0 d:/atollic/truestudio for stm32 9.2.0/armtools/bin/../lib/gcc/arm-atollic-eabi/6.3.1/armv7e-m/fpu/crti.o
 .bss           0x00000000        0x0 d:/atollic/truestudio for stm32 9.2.0/armtools/bin/../lib/gcc/arm-atollic-eabi/6.3.1/armv7e-m/fpu/crti.o
 .data          0x00000000        0x4 d:/atollic/truestudio for stm32 9.2.0/armtools/bin/../lib/gcc/arm-atollic-eabi/6.3.1/armv7e-m/fpu/crtbegin.o
 .text          0x00000000        0x0 Drivers\STM32F3xx_HAL_Driver\Src\stm32f3xx_hal.o
 .data          0x00000000        0x0 Drivers\STM32F3xx_HAL_Driver\Src\stm32f3xx_hal.o
 .bss           0x00000000        0x0 Drivers\STM32F3xx_HAL_Driver\Src\stm32f3xx_hal.o
 .text.HAL_MspInit
                0x00000000        0x2 Drivers\STM32F3xx_HAL_Driver\Src\stm32f3xx_hal.o
 .text.HAL_MspDeInit
                0x00000000        0x2 Drivers\STM32F3xx_HAL_Driver\Src\stm32f3xx_hal.o
 .text.HAL_DeInit
                0x00000000       0x24 Drivers\STM32F3xx_HAL_Driver\Src\stm32f3xx_hal.o
 .text.HAL_GetTickPrio
                0x00000000        0xc Drivers\STM32F3xx_HAL_Driver\Src\stm32f3xx_hal.o
 .text.HAL_SetTickFreq
                0x00000000       0x24 Drivers\STM32F3xx_HAL_Driver\Src\stm32f3xx_hal.o
 .text.HAL_GetTickFreq
                0x00000000        0xc Drivers\STM32F3xx_HAL_Driver\Src\stm32f3xx_hal.o
 .text.HAL_Delay
                0x00000000       0x28 Drivers\STM32F3xx_HAL_Driver\Src\stm32f3xx_hal.o
 .text.HAL_SuspendTick
                0x00000000       0x10 Drivers\STM32F3xx_HAL_Driver\Src\stm32f3xx_hal.o
 .text.HAL_ResumeTick
                0x00000000       0x10 Drivers\STM32F3xx_HAL_Driver\Src\stm32f3xx_hal.o
 .text.HAL_GetHalVersion
                0x00000000        0x8 Drivers\STM32F3xx_HAL_Driver\Src\stm32f3xx_hal.o
 .text.HAL_GetREVID
                0x00000000        0xc Drivers\STM32F3xx_HAL_Driver\Src\stm32f3xx_hal.o
 .text.HAL_GetDEVID
                0x00000000       0x10 Drivers\STM32F3xx_HAL_Driver\Src\stm32f3xx_hal.o
 .text.HAL_GetUIDw0
                0x00000000        0xc Drivers\STM32F3xx_HAL_Driver\Src\stm32f3xx_hal.o
 .text.HAL_GetUIDw1
                0x00000000        0xc Drivers\STM32F3xx_HAL_Driver\Src\stm32f3xx_hal.o
 .text.HAL_GetUIDw2
                0x00000000        0xc Drivers\STM32F3xx_HAL_Driver\Src\stm32f3xx_hal.o
 .text.HAL_DBGMCU_EnableDBGSleepMode
                0x00000000       0x10 Drivers\STM32F3xx_HAL_Driver\Src\stm32f3xx_hal.o
 .text.HAL_DBGMCU_DisableDBGSleepMode
                0x00000000       0x10 Drivers\STM32F3xx_HAL_Driver\Src\stm32f3xx_hal.o
 .text.HAL_DBGMCU_EnableDBGStopMode
                0x00000000       0x10 Drivers\STM32F3xx_HAL_Driver\Src\stm32f3xx_hal.o
 .text.HAL_DBGMCU_DisableDBGStopMode
                0x00000000       0x10 Drivers\STM32F3xx_HAL_Driver\Src\stm32f3xx_hal.o
 .text.HAL_DBGMCU_EnableDBGStandbyMode
[...]
Memory Configuration

Name             Origin             Length             Attributes
RAM              0x20000000         0x00010000         xrw
CCMRAM           0x10000000         0x00004000         rw
FLASH            0x08000000         0x00080000         xr
*default*        0x00000000         0xffffffff

Linker script and memory map

LOAD d:/atollic/truestudio for stm32 9.2.0/armtools/bin/../lib/gcc/arm-atollic-eabi/6.3.1/armv7e-m/fpu/crti.o
LOAD d:/atollic/truestudio for stm32 9.2.0/armtools/bin/../lib/gcc/arm-atollic-eabi/6.3.1/armv7e-m/fpu/crtbegin.o
LOAD Drivers\STM32F3xx_HAL_Driver\Src\stm32f3xx_hal.o
LOAD Drivers\STM32F3xx_HAL_Driver\Src\stm32f3xx_hal_cortex.o
LOAD Drivers\STM32F3xx_HAL_Driver\Src\stm32f3xx_hal_dma.o
LOAD Drivers\STM32F3xx_HAL_Driver\Src\stm32f3xx_hal_flash.o
LOAD Drivers\STM32F3xx_HAL_Driver\Src\stm32f3xx_hal_flash_ex.o
LOAD Drivers\STM32F3xx_HAL_Driver\Src\stm32f3xx_hal_gpio.o
LOAD Drivers\STM32F3xx_HAL_Driver\Src\stm32f3xx_hal_i2c.o
LOAD Drivers\STM32F3xx_HAL_Driver\Src\stm32f3xx_hal_i2c_ex.o
LOAD Drivers\STM32F3xx_HAL_Driver\Src\stm32f3xx_hal_pwr.o
LOAD Drivers\STM32F3xx_HAL_Driver\Src\stm32f3xx_hal_pwr_ex.o
LOAD Drivers\STM32F3xx_HAL_Driver\Src\stm32f3xx_hal_rcc.o
LOAD Drivers\STM32F3xx_HAL_Driver\Src\stm32f3xx_hal_rcc_ex.o
LOAD Drivers\STM32F3xx_HAL_Driver\Src\stm32f3xx_hal_tim.o
LOAD Drivers\STM32F3xx_HAL_Driver\Src\stm32f3xx_hal_tim_ex.o
LOAD Drivers\STM32F3xx_HAL_Driver\Src\stm32f3xx_hal_uart.o
LOAD Drivers\STM32F3xx_HAL_Driver\Src\stm32f3xx_hal_uart_ex.o
LOAD Middlewares\Third_Party\FreeRTOS\Source\CMSIS_RTOS\cmsis_os.o
LOAD Middlewares\Third_Party\FreeRTOS\Source\croutine.o
LOAD Middlewares\Third_Party\FreeRTOS\Source\event_groups.o
LOAD Middlewares\Third_Party\FreeRTOS\Source\list.o
LOAD Middlewares\Third_Party\FreeRTOS\Source\portable\GCC\ARM_CM4F\port.o
LOAD Middlewares\Third_Party\FreeRTOS\Source\portable\MemMang\heap_4.o
LOAD Middlewares\Third_Party\FreeRTOS\Source\queue.o
LOAD Middlewares\Third_Party\FreeRTOS\Source\tasks.o
LOAD Middlewares\Third_Party\FreeRTOS\Source\timers.o
LOAD Src\carHw.o
LOAD Src\driver.o
LOAD Src\extEnvironment.o
LOAD Src\freertos.o
LOAD Src\main.o
LOAD Src\messageQueueConsumer.o
LOAD Src\messageQueueProducer.o
LOAD Src\stm32f3xx_hal_msp.o
LOAD Src\stm32f3xx_it.o
LOAD Src\system_stm32f3xx.o
LOAD startup\startup_stm32f303xe.o
                0x00000080                malloc_getpagesize_P = 0x80
START GROUP
LOAD d:/atollic/truestudio for stm32 9.2.0/armtools/bin/../lib/gcc/arm-atollic-eabi/6.3.1/../../../../arm-atollic-eabi/lib/armv7e-m/fpu\libc_nano.a
LOAD d:/atollic/truestudio for stm32 9.2.0/armtools/bin/../lib/gcc/arm-atollic-eabi/6.3.1/../../../../arm-atollic-eabi/lib/armv7e-m/fpu\libm.a
END GROUP
START GROUP
LOAD d:/atollic/truestudio for stm32 9.2.0/armtools/bin/../lib/gcc/arm-atollic-eabi/6.3.1/armv7e-m/fpu\libgcc.a
LOAD d:/atollic/truestudio for stm32 9.2.0/armtools/bin/../lib/gcc/arm-atollic-eabi/6.3.1/../../../../arm-atollic-eabi/lib/armv7e-m/fpu\libc_nano.a
END GROUP
START GROUP
LOAD d:/atollic/truestudio for stm32 9.2.0/armtools/bin/../lib/gcc/arm-atollic-eabi/6.3.1/armv7e-m/fpu\libgcc.a
LOAD d:/atollic/truestudio for stm32 9.2.0/armtools/bin/../lib/gcc/arm-atollic-eabi/6.3.1/../../../../arm-atollic-eabi/lib/armv7e-m/fpu\libc_nano.a
LOAD d:/atollic/truestudio for stm32 9.2.0/armtools/bin/../lib/gcc/arm-atollic-eabi/6.3.1/../../../../arm-atollic-eabi/lib/armv7e-m/fpu\libnosys.a
END GROUP
START GROUP
LOAD d:/atollic/truestudio for stm32 9.2.0/armtools/bin/../lib/gcc/arm-atollic-eabi/6.3.1/armv7e-m/fpu\libgcc.a
LOAD d:/atollic/truestudio for stm32 9.2.0/armtools/bin/../lib/gcc/arm-atollic-eabi/6.3.1/../../../../arm-atollic-eabi/lib/armv7e-m/fpu\libc_nano.a
LOAD d:/atollic/truestudio for stm32 9.2.0/armtools/bin/../lib/gcc/arm-atollic-eabi/6.3.1/../../../../arm-atollic-eabi/lib/armv7e-m/fpu\libnosys.a
END GROUP
LOAD d:/atollic/truestudio for stm32 9.2.0/armtools/bin/../lib/gcc/arm-atollic-eabi/6.3.1/armv7e-m/fpu/crtend.o
LOAD d:/atollic/truestudio for stm32 9.2.0/armtools/bin/../lib/gcc/arm-atollic-eabi/6.3.1/armv7e-m/fpu/crtn.o
                0x20010000                _estack = 0x20010000
                0x00000200                _Min_Heap_Size = 0x200
                0x00000400                _Min_Stack_Size = 0x400

.isr_vector     0x08000000      0x194
                0x08000000                . = ALIGN (0x4)
 *(.isr_vector)
 .isr_vector    0x08000000      0x194 startup\startup_stm32f303xe.o
                0x08000000                g_pfnVectors
                0x08000194                . = ALIGN (0x4)

.text           0x080001a0     0x2550
                0x080001a0                . = ALIGN (0x4)
 *(.text)
 .text          0x080001a0       0x40 d:/atollic/truestudio for stm32 9.2.0/armtools/bin/../lib/gcc/arm-atollic-eabi/6.3.1/armv7e-m/fpu/crtbegin.o
 *(.text*)
 .text.HAL_InitTick
                0x080001e0       0x48 Drivers\STM32F3xx_HAL_Driver\Src\stm32f3xx_hal.o
                0x080001e0                HAL_InitTick
 .text.HAL_Init
                0x08000228       0x24 Drivers\STM32F3xx_HAL_Driver\Src\stm32f3xx_hal.o
                0x08000228                HAL_Init
 .text.HAL_IncTick
                0x0800024c       0x18 Drivers\STM32F3xx_HAL_Driver\Src\stm32f3xx_hal.o
                0x0800024c                HAL_IncTick
 .text.HAL_GetTick
                0x08000264        0xc Drivers\STM32F3xx_HAL_Driver\Src\stm32f3xx_hal.o
                0x08000264                HAL_GetTick
 .text.HAL_NVIC_SetPriorityGrouping
                0x08000270       0x24 Drivers\STM32F3xx_HAL_Driver\Src\stm32f3xx_hal_cortex.o
                0x08000270                HAL_NVIC_SetPriorityGrouping
 .text.HAL_NVIC_SetPriority
                0x08000294       0x68 Drivers\STM32F3xx_HAL_Driver\Src\stm32f3xx_hal_cortex.o
                0x08000294                HAL_NVIC_SetPriority
 .text.HAL_SYSTICK_Config
                0x080002fc       0x2c Drivers\STM32F3xx_HAL_Driver\Src\stm32f3xx_hal_cortex.o
                0x080002fc                HAL_SYSTICK_Config
 .text.HAL_DMA_Abort_IT
                0x08000328       0x48 Drivers\STM32F3xx_HAL_Driver\Src\stm32f3xx_hal_dma.o
                0x08000328                HAL_DMA_Abort_IT
 .text.HAL_GPIO_Init
                0x08000370      0x1a0 Drivers\STM32F3xx_HAL_Driver\Src\stm32f3xx_hal_gpio.o
                0x08000370                HAL_GPIO_Init
 .text.HAL_GPIO_WritePin
                0x08000510        0xa Drivers\STM32F3xx_HAL_Driver\Src\stm32f3xx_hal_gpio.o
                0x08000510                HAL_GPIO_WritePin
 .text.HAL_GPIO_TogglePin
                0x0800051a        0x8 Drivers\STM32F3xx_HAL_Driver\Src\stm32f3xx_hal_gpio.o
                0x0800051a                HAL_GPIO_TogglePin
 *fill*         0x08000522        0x2 
 .text.HAL_RCC_OscConfig
                0x08000524      0x504 Drivers\STM32F3xx_HAL_Driver\Src\stm32f3xx_hal_rcc.o
                0x08000524                HAL_RCC_OscConfig
 .text.HAL_RCC_GetSysClockFreq
                0x08000a28       0x58 Drivers\STM32F3xx_HAL_Driver\Src\stm32f3xx_hal_rcc.o
                0x08000a28                HAL_RCC_GetSysClockFreq
 .text.HAL_RCC_ClockConfig
                0x08000a80      0x154 Drivers\STM32F3xx_HAL_Driver\Src\stm32f3xx_hal_rcc.o
                0x08000a80                HAL_RCC_ClockConfig
 .text.HAL_RCC_GetPCLK1Freq
                0x08000bd4       0x30 Drivers\STM32F3xx_HAL_Driver\Src\stm32f3xx_hal_rcc.o
                0x08000bd4                HAL_RCC_GetPCLK1Freq
 .text.HAL_RCC_GetPCLK2Freq
                0x08000c04       0x30 Drivers\STM32F3xx_HAL_Driver\Src\stm32f3xx_hal_rcc.o
                0x08000c04                HAL_RCC_GetPCLK2Freq
 .text.HAL_RCCEx_PeriphCLKConfig
                0x08000c34      0x288 Drivers\STM32F3xx_HAL_Driver\Src\stm32f3xx_hal_rcc_ex.o
                0x08000c34                HAL_RCCEx_PeriphCLKConfig
 .text.UART_EndRxTransfer
                0x08000ebc       0x1a Drivers\STM32F3xx_HAL_Driver\Src\stm32f3xx_hal_uart.o
 .text.HAL_UART_TxCpltCallback
                0x08000ed6        0x2 Drivers\STM32F3xx_HAL_Driver\Src\stm32f3xx_hal_uart.o
                0x08000ed6                HAL_UART_TxCpltCallback
 .text.HAL_UART_RxCpltCallback
                0x08000ed8        0x2 Drivers\STM32F3xx_HAL_Driver\Src\stm32f3xx_hal_uart.o
                0x08000ed8                HAL_UART_RxCpltCallback
 .text.HAL_UART_ErrorCallback
                0x08000eda        0x2 Drivers\STM32F3xx_HAL_Driver\Src\stm32f3xx_hal_uart.o
                0x08000eda                HAL_UART_ErrorCallback
 .text.UART_DMAAbortOnError
                0x08000edc       0x14 Drivers\STM32F3xx_HAL_Driver\Src\stm32f3xx_hal_uart.o
 .text.UART_SetConfig
                0x08000ef0      0x210 Drivers\STM32F3xx_HAL_Driver\Src\stm32f3xx_hal_uart.o
                0x08000ef0                UART_SetConfig
 .text.UART_AdvFeatureConfig
                0x08001100       0xa8 Drivers\STM32F3xx_HAL_Driver\Src\stm32f3xx_hal_uart.o
                0x08001100                UART_AdvFeatureConfig
 .text.UART_WaitOnFlagUntilTimeout
                0x080011a8       0x62 Drivers\STM32F3xx_HAL_Driver\Src\stm32f3xx_hal_uart.o
                0x080011a8                UART_WaitOnFlagUntilTimeout
 .text.HAL_UART_Transmit
                0x0800120a       0xb2 Drivers\STM32F3xx_HAL_Driver\Src\stm32f3xx_hal_uart.o
                0x0800120a                HAL_UART_Transmit
 .text.UART_CheckIdleState
                0x080012bc       0x64 Drivers\STM32F3xx_HAL_Driver\Src\stm32f3xx_hal_uart.o
                0x080012bc                UART_CheckIdleState
 .text.HAL_UART_Init
                0x08001320       0x64 Drivers\STM32F3xx_HAL_Driver\Src\stm32f3xx_hal_uart.o
                0x08001320                HAL_UART_Init
 .text.UART_Transmit_IT
                0x08001384       0x5c Drivers\STM32F3xx_HAL_Driver\Src\stm32f3xx_hal_uart.o
                0x08001384                UART_Transmit_IT
 .text.UART_EndTransmit_IT
                0x080013e0       0x1a Drivers\STM32F3xx_HAL_Driver\Src\stm32f3xx_hal_uart.o
                0x080013e0                UART_EndTransmit_IT
 .text.UART_Receive_IT
                0x080013fa       0x6c Drivers\STM32F3xx_HAL_Driver\Src\stm32f3xx_hal_uart.o
                0x080013fa                UART_Receive_IT
 *fill*         0x08001466        0x2 
 .text.HAL_UART_IRQHandler
                0x08001468      0x12c Drivers\STM32F3xx_HAL_Driver\Src\stm32f3xx_hal_uart.o
                0x08001468                HAL_UART_IRQHandler
 .text.HAL_UARTEx_WakeupCallback
                0x08001594        0x2 Drivers\STM32F3xx_HAL_Driver\Src\stm32f3xx_hal_uart_ex.o
                0x08001594                HAL_UARTEx_WakeupCallback
 .text.osKernelStart
                0x08001596        0xa Middlewares\Third_Party\FreeRTOS\Source\CMSIS_RTOS\cmsis_os.o
                0x08001596                osKernelStart
 .text.osThreadCreate
                0x080015a0       0x30 Middlewares\Third_Party\FreeRTOS\Source\CMSIS_RTOS\cmsis_os.o
                0x080015a0                osThreadCreate
 .text.osDelay  0x080015d0       0x10 Middlewares\Third_Party\FreeRTOS\Source\CMSIS_RTOS\cmsis_os.o
                0x080015d0                osDelay
 .text.osSystickHandler
                0x080015e0       0x14 Middlewares\Third_Party\FreeRTOS\Source\CMSIS_RTOS\cmsis_os.o
                0x080015e0                osSystickHandler
 .text.vListInitialise
                0x080015f4       0x16 Middlewares\Third_Party\FreeRTOS\Source\list.o
                0x080015f4                vListInitialise
 .text.vListInitialiseItem
                0x0800160a        0x6 Middlewares\Third_Party\FreeRTOS\Source\list.o
                0x0800160a                vListInitialiseItem
 .text.vListInsertEnd
                0x08001610       0x18 Middlewares\Third_Party\FreeRTOS\Source\list.o
                0x08001610                vListInsertEnd
 .text.vListInsert
                0x08001628       0x2e Middlewares\Third_Party\FreeRTOS\Source\list.o
                0x08001628                vListInsert
 .text.uxListRemove
                0x08001656       0x20 Middlewares\Third_Party\FreeRTOS\Source\list.o
                0x08001656                uxListRemove
 *fill*         0x08001676        0x2 
 .text.prvTaskExitError
                0x08001678       0x30 Middlewares\Third_Party\FreeRTOS\Source\portable\GCC\ARM_CM4F\port.o
 .text.prvPortStartFirstTask
                0x080016a8       0x20 Middlewares\Third_Party\FreeRTOS\Source\portable\GCC\ARM_CM4F\port.o
 .text.vPortEnableVFP
                0x080016c8       0x14 Middlewares\Third_Party\FreeRTOS\Source\portable\GCC\ARM_CM4F\port.o
 .text.pxPortInitialiseStack
                0x080016dc       0x2c Middlewares\Third_Party\FreeRTOS\Source\portable\GCC\ARM_CM4F\port.o
                0x080016dc                pxPortInitialiseStack
 *fill*         0x08001708        0x8 
 .text.SVC_Handler
                0x08001710       0x24 Middlewares\Third_Party\FreeRTOS\Source\portable\GCC\ARM_CM4F\port.o
                0x08001710                SVC_Handler
 .text.vPortEnterCritical
                0x08001734       0x44 Middlewares\Third_Party\FreeRTOS\Source\portable\GCC\ARM_CM4F\port.o
                0x08001734                vPortEnterCritical
 .text.vPortExitCritical
                0x08001778       0x28 Middlewares\Third_Party\FreeRTOS\Source\portable\GCC\ARM_CM4F\port.o
                0x08001778                vPortExitCritical
 .text.PendSV_Handler
                0x080017a0       0x64 Middlewares\Third_Party\FreeRTOS\Source\portable\GCC\ARM_CM4F\port.o
                0x080017a0                PendSV_Handler
 .text.xPortSysTickHandler
                0x08001804       0x2c Middlewares\Third_Party\FreeRTOS\Source\portable\GCC\ARM_CM4F\port.o
                0x08001804                xPortSysTickHandler
 .text.vPortSetupTimerInterrupt
                0x08001830       0x28 Middlewares\Third_Party\FreeRTOS\Source\portable\GCC\ARM_CM4F\port.o
                0x08001830                vPortSetupTimerInterrupt
 .text.xPortStartScheduler
                0x08001858       0xec Middlewares\Third_Party\FreeRTOS\Source\portable\GCC\ARM_CM4F\port.o
                0x08001858                xPortStartScheduler
 .text.unlikely.prvInsertBlockIntoFreeList
                0x08001944       0x48 Middlewares\Third_Party\FreeRTOS\Source\portable\MemMang\heap_4.o
 .text.pvPortMalloc
                0x0800198c      0x11c Middlewares\Third_Party\FreeRTOS\Source\portable\MemMang\heap_4.o
                0x0800198c                pvPortMalloc
 .text.vPortFree
                0x08001aa8       0x70 Middlewares\Third_Party\FreeRTOS\Source\portable\MemMang\heap_4.o
                0x08001aa8                vPortFree
 .text.prvResetNextTaskUnblockTime
                0x08001b18       0x24 Middlewares\Third_Party\FreeRTOS\Source\tasks.o
 .text.prvAddCurrentTaskToDelayedList
                0x08001b3c       0x8c Middlewares\Third_Party\FreeRTOS\Source\tasks.o
 .text.xTaskCreate
                0x08001bc8      0x1a0 Middlewares\Third_Party\FreeRTOS\Source\tasks.o
                0x08001bc8                xTaskCreate
 .text.vTaskStartScheduler
                0x08001d68       0x78 Middlewares\Third_Party\FreeRTOS\Source\tasks.o
                0x08001d68                vTaskStartScheduler
 .text.vTaskSuspendAll
                0x08001de0       0x10 Middlewares\Third_Party\FreeRTOS\Source\tasks.o
                0x08001de0                vTaskSuspendAll
 .text.xTaskIncrementTick
                0x08001df0      0x124 Middlewares\Third_Party\FreeRTOS\Source\tasks.o
                0x08001df0                xTaskIncrementTick
 .text.xTaskResumeAll
                0x08001f14       0xf0 Middlewares\Third_Party\FreeRTOS\Source\tasks.o
                0x08001f14                xTaskResumeAll
 .text.vTaskDelay
                0x08002004       0x48 Middlewares\Third_Party\FreeRTOS\Source\tasks.o
                0x08002004                vTaskDelay
 .text.prvIdleTask
                0x0800204c       0x74 Middlewares\Third_Party\FreeRTOS\Source\tasks.o
 .text.vTaskSwitchContext
                0x080020c0       0x74 Middlewares\Third_Party\FreeRTOS\Source\tasks.o
                0x080020c0                vTaskSwitchContext
 .text.xTaskGetSchedulerState
                0x08002134       0x20 Middlewares\Third_Party\FreeRTOS\Source\tasks.o
                0x08002134                xTaskGetSchedulerState
 .text.myItoa.part.0
                0x08002154       0x42 Src\carHw.o
 *fill*         0x08002196        0x2 
 .text.runCarHw
                0x08002198       0x60 Src\carHw.o
                0x08002198                runCarHw
 .text.runDriver
                0x080021f8       0x18 Src\driver.o
                0x080021f8                runDriver
 .text.runExtEnvironment
                0x08002210        0x2 Src\extEnvironment.o
                0x08002210                runExtEnvironment
 *fill*         0x08002212        0x2 
 .text.StartDefaultTask
                0x08002214       0x20 Src\main.o
                0x08002214                StartDefaultTask
 .text.StartDriver
                0x08002234        0xe Src\main.o
                0x08002234                StartDriver
 .text.StartExtEnvTask
                0x08002242        0xe Src\main.o
                0x08002242                StartExtEnvTask
 .text.SystemClock_Config
                0x08002250       0x70 Src\main.o
                0x08002250                SystemClock_Config
 .text.startup.main
                0x080022c0      0x188 Src\main.o
                0x080022c0                main
 .text.Error_Handler
                0x08002448        0x2 Src\main.o
                0x08002448                Error_Handler
 *fill*         0x0800244a        0x2 
 .text.HAL_MspInit
                0x0800244c       0x40 Src\stm32f3xx_hal_msp.o
                0x0800244c                HAL_MspInit
 .text.HAL_UART_MspInit
                0x0800248c       0xf8 Src\stm32f3xx_hal_msp.o
                0x0800248c                HAL_UART_MspInit
 .text.NMI_Handler
                0x08002584        0x2 Src\stm32f3xx_it.o
                0x08002584                NMI_Handler
 .text.HardFault_Handler
                0x08002586        0x2 Src\stm32f3xx_it.o
                0x08002586                HardFault_Handler
 .text.MemManage_Handler
                0x08002588        0x2 Src\stm32f3xx_it.o
                0x08002588                MemManage_Handler
 .text.BusFault_Handler
                0x0800258a        0x2 Src\stm32f3xx_it.o
                0x0800258a                BusFault_Handler
 .text.UsageFault_Handler
                0x0800258c        0x2 Src\stm32f3xx_it.o
                0x0800258c                UsageFault_Handler
 .text.DebugMon_Handler
                0x0800258e        0x2 Src\stm32f3xx_it.o
                0x0800258e                DebugMon_Handler
 .text.SysTick_Handler
                0x08002590        0xe Src\stm32f3xx_it.o
                0x08002590                SysTick_Handler
 *fill*         0x0800259e        0x2 
 .text.USART3_IRQHandler
                0x080025a0        0xc Src\stm32f3xx_it.o
                0x080025a0                USART3_IRQHandler
 .text.SystemInit
                0x080025ac       0x68 Src\system_stm32f3xx.o
                0x080025ac                SystemInit
 .text.Reset_Handler
                0x08002614       0x50 startup\startup_stm32f303xe.o
                0x08002614                Reset_Handler
 .text.Default_Handler
                0x08002664        0x2 startup\startup_stm32f303xe.o
                0x08002664                RTC_Alarm_IRQHandler
                0x08002664                TIM8_TRG_COM_IRQHandler
                0x08002664                TIM8_CC_IRQHandler
                0x08002664                SPI4_IRQHandler
                0x08002664                TIM1_CC_IRQHandler
                0x08002664                USB_HP_IRQHandler
                0x08002664                PVD_IRQHandler
                0x08002664                TAMP_STAMP_IRQHandler
                0x08002664                EXTI3_IRQHandler
                0x08002664                I2C3_ER_IRQHandler
                0x08002664                USB_HP_CAN_TX_IRQHandler
                0x08002664                EXTI0_IRQHandler
                0x08002664                I2C2_EV_IRQHandler
                0x08002664                FPU_IRQHandler
                0x08002664                TIM1_UP_TIM16_IRQHandler
                0x08002664                ADC1_2_IRQHandler
                0x08002664                SPI1_IRQHandler
                0x08002664                CAN_SCE_IRQHandler
                0x08002664                TIM6_DAC_IRQHandler
                0x08002664                TIM8_UP_IRQHandler
                0x08002664                DMA2_Channel2_IRQHandler
                0x08002664                DMA1_Channel4_IRQHandler
                0x08002664                TIM20_TRG_COM_IRQHandler
                0x08002664                DMA1_Channel7_IRQHandler
                0x08002664                UART5_IRQHandler
                0x08002664                ADC3_IRQHandler
                0x08002664                TIM4_IRQHandler
                0x08002664                CAN_RX1_IRQHandler
                0x08002664                DMA2_Channel1_IRQHandler
                0x08002664                I2C1_EV_IRQHandler
                0x08002664                DMA1_Channel6_IRQHandler
                0x08002664                UART4_IRQHandler
                0x08002664                DMA2_Channel4_IRQHandler
                0x08002664                TIM3_IRQHandler
                0x08002664                RCC_IRQHandler
                0x08002664                TIM20_UP_IRQHandler
                0x08002664                DMA1_Channel1_IRQHandler
                0x08002664                Default_Handler
                0x08002664                USBWakeUp_RMP_IRQHandler
                0x08002664                EXTI15_10_IRQHandler
                0x08002664                TIM7_IRQHandler
                0x08002664                I2C3_EV_IRQHandler
                0x08002664                EXTI9_5_IRQHandler
                0x08002664                RTC_WKUP_IRQHandler
                0x08002664                SPI2_IRQHandler
                0x08002664                USB_LP_CAN_RX0_IRQHandler
                0x08002664                DMA2_Channel5_IRQHandler
                0x08002664                DMA1_Channel5_IRQHandler
                0x08002664                USB_LP_IRQHandler
                0x08002664                EXTI4_IRQHandler
                0x08002664                TIM1_TRG_COM_TIM17_IRQHandler
                0x08002664                DMA1_Channel3_IRQHandler
                0x08002664                ADC4_IRQHandler
                0x08002664                WWDG_IRQHandler
                0x08002664                TIM2_IRQHandler
                0x08002664                COMP7_IRQHandler
                0x08002664                COMP1_2_3_IRQHandler
                0x08002664                EXTI1_IRQHandler
                0x08002664                USART2_IRQHandler
                0x08002664                COMP4_5_6_IRQHandler
                0x08002664                TIM20_BRK_IRQHandler
                0x08002664                I2C2_ER_IRQHandler
                0x08002664                DMA1_Channel2_IRQHandler
                0x08002664                TIM8_BRK_IRQHandler
                0x08002664                FLASH_IRQHandler
                0x08002664                TIM20_CC_IRQHandler
                0x08002664                USART1_IRQHandler
                0x08002664                SPI3_IRQHandler
                0x08002664                I2C1_ER_IRQHandler
                0x08002664                FMC_IRQHandler
                0x08002664                USBWakeUp_IRQHandler
                0x08002664                DMA2_Channel3_IRQHandler
                0x08002664                EXTI2_TSC_IRQHandler
                0x08002664                TIM1_BRK_TIM15_IRQHandler
 *fill*         0x08002666        0x2 
 .text.__libc_init_array
                0x08002668       0x48 d:/atollic/truestudio for stm32 9.2.0/armtools/bin/../lib/gcc/arm-atollic-eabi/6.3.1/../../../../arm-atollic-eabi/lib/armv7e-m/fpu\libc_nano.a(lib_a-init.o)
                0x08002668                __libc_init_array
 .text.memcpy   0x080026b0       0x16 d:/atollic/truestudio for stm32 9.2.0/armtools/bin/../lib/gcc/arm-atollic-eabi/6.3.1/../../../../arm-atollic-eabi/lib/armv7e-m/fpu\libc_nano.a(lib_a-memcpy-stub.o)
                0x080026b0                memcpy
 .text.memset   0x080026c6       0x10 d:/atollic/truestudio for stm32 9.2.0/armtools/bin/../lib/gcc/arm-atollic-eabi/6.3.1/../../../../arm-atollic-eabi/lib/armv7e-m/fpu\libc_nano.a(lib_a-memset.o)
                0x080026c6                memset
 *(.glue_7)
 .glue_7        0x080026d6        0x0 linker stubs
 *(.glue_7t)
 .glue_7t       0x080026d6        0x0 linker stubs
 *(.eh_frame)
 *fill*         0x080026d6        0x2 
 .eh_frame      0x080026d8        0x0 d:/atollic/truestudio for stm32 9.2.0/armtools/bin/../lib/gcc/arm-atollic-eabi/6.3.1/armv7e-m/fpu/crtbegin.o
 *(.init)
 .init          0x080026d8        0x4 d:/atollic/truestudio for stm32 9.2.0/armtools/bin/../lib/gcc/arm-atollic-eabi/6.3.1/armv7e-m/fpu/crti.o
                0x080026d8                _init
 .init          0x080026dc        0x8 d:/atollic/truestudio for stm32 9.2.0/armtools/bin/../lib/gcc/arm-atollic-eabi/6.3.1/armv7e-m/fpu/crtn.o
 *(.fini)
 .fini          0x080026e4        0x4 d:/atollic/truestudio for stm32 9.2.0/armtools/bin/../lib/gcc/arm-atollic-eabi/6.3.1/armv7e-m/fpu/crti.o
                0x080026e4                _fini
 .fini          0x080026e8        0x8 d:/atollic/truestudio for stm32 9.2.0/armtools/bin/../lib/gcc/arm-atollic-eabi/6.3.1/armv7e-m/fpu/crtn.o
                0x080026f0                . = ALIGN (0x4)
                0x080026f0                _etext = .

.vfp11_veneer   0x080026f0        0x0
 .vfp11_veneer  0x080026f0        0x0 linker stubs

.v4_bx          0x080026f0        0x0
 .v4_bx         0x080026f0        0x0 linker stubs

.iplt           0x080026f0        0x0
 .iplt          0x080026f0        0x0 d:/atollic/truestudio for stm32 9.2.0/armtools/bin/../lib/gcc/arm-atollic-eabi/6.3.1/armv7e-m/fpu/crtbegin.o

.rodata         0x080026f0       0xa0
                0x080026f0                . = ALIGN (0x4)
 *(.rodata)
 .rodata        0x080026f0       0x3c Src\main.o
 *(.rodata*)
 .rodata.aPLLMULFactorTable
                0x0800272c       0x10 Drivers\STM32F3xx_HAL_Driver\Src\stm32f3xx_hal_rcc.o
                0x0800272c                aPLLMULFactorTable
 .rodata.aPredivFactorTable
                0x0800273c       0x10 Drivers\STM32F3xx_HAL_Driver\Src\stm32f3xx_hal_rcc.o
                0x0800273c                aPredivFactorTable
 .rodata.CSWTCH.45
                0x0800274c        0x4 Drivers\STM32F3xx_HAL_Driver\Src\stm32f3xx_hal_uart.o
 .rodata.vTaskStartScheduler.str1.1
                0x08002750        0x5 Middlewares\Third_Party\FreeRTOS\Source\tasks.o
 .rodata.str1.1
                0x08002755       0x23 Src\main.o
 .rodata.AHBPrescTable
                0x08002778       0x10 Src\system_stm32f3xx.o
                0x08002778                AHBPrescTable
 .rodata.APBPrescTable
                0x08002788        0x8 Src\system_stm32f3xx.o
                0x08002788                APBPrescTable
                0x08002790                . = ALIGN (0x4)

.rel.dyn        0x08002790        0x0
 .rel.iplt      0x08002790        0x0 d:/atollic/truestudio for stm32 9.2.0/armtools/bin/../lib/gcc/arm-atollic-eabi/6.3.1/armv7e-m/fpu/crtbegin.o

.ARM.extab
 *(.ARM.extab* .gnu.linkonce.armextab.*)

.ARM            0x08002790        0x0
                0x08002790                __exidx_start = .
 *(.ARM.exidx*)
                0x08002790                __exidx_end = .

.preinit_array  0x08002790        0x0
                0x08002790                PROVIDE (__preinit_array_start, .)
 *(.preinit_array*)
                0x08002790                PROVIDE (__preinit_array_end, .)

.init_array     0x08002790        0x4
                0x08002790                PROVIDE (__init_array_start, .)
 *(SORT(.init_array.*))
 *(.init_array*)
 .init_array    0x08002790        0x4 d:/atollic/truestudio for stm32 9.2.0/armtools/bin/../lib/gcc/arm-atollic-eabi/6.3.1/armv7e-m/fpu/crtbegin.o
                0x08002794                PROVIDE (__init_array_end, .)

.fini_array     0x08002794        0x4
                [!provide]                PROVIDE (__fini_array_start, .)
 *(SORT(.fini_array.*))
 *(.fini_array*)
 .fini_array    0x08002794        0x4 d:/atollic/truestudio for stm32 9.2.0/armtools/bin/../lib/gcc/arm-atollic-eabi/6.3.1/armv7e-m/fpu/crtbegin.o
                [!provide]                PROVIDE (__fini_array_end, .)
                0x08002798                _sidata = LOADADDR (.data)

.data           0x20000000       0x5c load address 0x08002798
                0x20000000                . = ALIGN (0x4)
                0x20000000                _sdata = .
 *(.data)
 *(.data*)
 .data.uwTickFreq
                0x20000000        0x1 Drivers\STM32F3xx_HAL_Driver\Src\stm32f3xx_hal.o
                0x20000000                uwTickFreq
 *fill*         0x20000001        0x3 
 .data.uwTickPrio
                0x20000004        0x4 Drivers\STM32F3xx_HAL_Driver\Src\stm32f3xx_hal.o
                0x20000004                uwTickPrio
 .data.uxCriticalNesting
                0x20000008        0x4 Middlewares\Third_Party\FreeRTOS\Source\portable\GCC\ARM_CM4F\port.o
 .data.aTxBuffer3
                0x2000000c       0x4c Src\carHw.o
                0x2000000c                aTxBuffer3
 .data.SystemCoreClock
                0x20000058        0x4 Src\system_stm32f3xx.o
                0x20000058                SystemCoreClock
                0x2000005c                . = ALIGN (0x4)
                0x2000005c                _edata = .
                0x080027f4                _siccmram = LOADADDR (.ccmram)

.igot.plt       0x2000005c        0x0 load address 0x080027f4
 .igot.plt      0x2000005c        0x0 d:/atollic/truestudio for stm32 9.2.0/armtools/bin/../lib/gcc/arm-atollic-eabi/6.3.1/armv7e-m/fpu/crtbegin.o

.ccmram         0x10000000        0x0 load address 0x080027f4
                0x10000000                . = ALIGN (0x4)
                0x10000000                _sccmram = .
 *(.ccmram)
 *(.ccmram*)
                0x10000000                . = ALIGN (0x4)
                0x10000000                _eccmram = .
                0x10000000                . = ALIGN (0x4)

.bss            0x2000005c      0xfac
                0x2000005c                _sbss = .
                0x2000005c                __bss_start__ = _sbss
 *(.bss)
 .bss           0x2000005c       0x1c d:/atollic/truestudio for stm32 9.2.0/armtools/bin/../lib/gcc/arm-atollic-eabi/6.3.1/armv7e-m/fpu/crtbegin.o
 *(.bss*)
 .bss.ucMaxSysCallPriority
                0x20000078        0x1 Middlewares\Third_Party\FreeRTOS\Source\portable\GCC\ARM_CM4F\port.o
 *fill*         0x20000079        0x3 
 .bss.ulMaxPRIGROUPValue
                0x2000007c        0x4 Middlewares\Third_Party\FreeRTOS\Source\portable\GCC\ARM_CM4F\port.o
 .bss.pxEnd     0x20000080        0x4 Middlewares\Third_Party\FreeRTOS\Source\portable\MemMang\heap_4.o
 .bss.ucHeap    0x20000084      0xc00 Middlewares\Third_Party\FreeRTOS\Source\portable\MemMang\heap_4.o
 .bss.xBlockAllocatedBit
                0x20000c84        0x4 Middlewares\Third_Party\FreeRTOS\Source\portable\MemMang\heap_4.o
 .bss.xFreeBytesRemaining
                0x20000c88        0x4 Middlewares\Third_Party\FreeRTOS\Source\portable\MemMang\heap_4.o
 .bss.xMinimumEverFreeBytesRemaining
                0x20000c8c        0x4 Middlewares\Third_Party\FreeRTOS\Source\portable\MemMang\heap_4.o
 .bss.xStart    0x20000c90        0x8 Middlewares\Third_Party\FreeRTOS\Source\portable\MemMang\heap_4.o
 .bss.pxCurrentTCB
                0x20000c98        0x4 Middlewares\Third_Party\FreeRTOS\Source\tasks.o
                0x20000c98                pxCurrentTCB
 .bss.pxDelayedTaskList
                0x20000c9c        0x4 Middlewares\Third_Party\FreeRTOS\Source\tasks.o
 .bss.pxOverflowDelayedTaskList
                0x20000ca0        0x4 Middlewares\Third_Party\FreeRTOS\Source\tasks.o
 .bss.pxReadyTasksLists
                0x20000ca4       0x8c Middlewares\Third_Party\FreeRTOS\Source\tasks.o
 .bss.uxCurrentNumberOfTasks
                0x20000d30        0x4 Middlewares\Third_Party\FreeRTOS\Source\tasks.o
 .bss.uxDeletedTasksWaitingCleanUp
                0x20000d34        0x4 Middlewares\Third_Party\FreeRTOS\Source\tasks.o
 .bss.uxPendedTicks
                0x20000d38        0x4 Middlewares\Third_Party\FreeRTOS\Source\tasks.o
 .bss.uxSchedulerSuspended
                0x20000d3c        0x4 Middlewares\Third_Party\FreeRTOS\Source\tasks.o
 .bss.uxTaskNumber
                0x20000d40        0x4 Middlewares\Third_Party\FreeRTOS\Source\tasks.o
 .bss.uxTopReadyPriority
                0x20000d44        0x4 Middlewares\Third_Party\FreeRTOS\Source\tasks.o
 .bss.xDelayedTaskList1
                0x20000d48       0x14 Middlewares\Third_Party\FreeRTOS\Source\tasks.o
 .bss.xDelayedTaskList2
                0x20000d5c       0x14 Middlewares\Third_Party\FreeRTOS\Source\tasks.o
 .bss.xIdleTaskHandle
                0x20000d70        0x4 Middlewares\Third_Party\FreeRTOS\Source\tasks.o
 .bss.xNextTaskUnblockTime
                0x20000d74        0x4 Middlewares\Third_Party\FreeRTOS\Source\tasks.o
 .bss.xNumOfOverflows
                0x20000d78        0x4 Middlewares\Third_Party\FreeRTOS\Source\tasks.o
 .bss.xPendingReadyList
                0x20000d7c       0x14 Middlewares\Third_Party\FreeRTOS\Source\tasks.o
 .bss.xSchedulerRunning
                0x20000d90        0x4 Middlewares\Third_Party\FreeRTOS\Source\tasks.o
 .bss.xSuspendedTaskList
                0x20000d94       0x14 Middlewares\Third_Party\FreeRTOS\Source\tasks.o
 .bss.xTasksWaitingTermination
                0x20000da8       0x14 Middlewares\Third_Party\FreeRTOS\Source\tasks.o
 .bss.xTickCount
                0x20000dbc        0x4 Middlewares\Third_Party\FreeRTOS\Source\tasks.o
 .bss.xYieldPending
                0x20000dc0        0x4 Middlewares\Third_Party\FreeRTOS\Source\tasks.o
 *(COMMON)
 COMMON         0x20000dc4        0x4 Drivers\STM32F3xx_HAL_Driver\Src\stm32f3xx_hal.o
                0x20000dc4                uwTick
 COMMON         0x20000dc8       0xe0 Src\carHw.o
                0x20000dc8                UartHandle
                0x20000e38                huart1
 COMMON         0x20000ea8      0x160 Src\main.o
                0x20000ea8                defaultTaskHandle
                0x20000eac                huart3
                0x20000f1c                extlEnvTaskHandle
                0x20000f20                osQueue
                0x20000f24                myBinarySem01Handle
                0x20000f28                aRxBuffer
                0x20000f8c                myQueue01Handle
                0x20000f90                cmdQueueHandle
                0x20000f94                huart2
                0x20001004                driverTaskHandle
                0x20001008                . = ALIGN (0x4)
                0x20001008                _ebss = .
                0x20001008                __bss_end__ = _ebss

._user_heap_stack
                0x20001008      0x600
                0x20001008                . = ALIGN (0x4)
                [!provide]                PROVIDE (end, .)
                [!provide]                PROVIDE (_end, .)
                0x20001208                . = (. + _Min_Heap_Size)
 *fill*         0x20001008      0x200 
                0x20001608                . = (. + _Min_Stack_Size)
 *fill*         0x20001208      0x400 
                0x20001608                . = ALIGN (0x4)

/DISCARD/
 libc.a(*)
 libm.a(*)
 libgcc.a(*)

.ARM.attributes
                0x00000000       0x30
 *(.ARM.attributes)
 .ARM.attributes
                0x00000000       0x22 d:/atollic/truestudio for stm32 9.2.0/armtools/bin/../lib/gcc/arm-atollic-eabi/6.3.1/armv7e-m/fpu/crti.o
 .ARM.attributes
                0x00000022       0x34 d:/atollic/truestudio for stm32 9.2.0/armtools/bin/../lib/gcc/arm-atollic-eabi/6.3.1/armv7e-m/fpu/crtbegin.o
 .ARM.attributes
                0x00000056       0x39 Drivers\STM32F3xx_HAL_Driver\Src\stm32f3xx_hal.o
 .ARM.attributes
                0x0000008f       0x39 Drivers\STM32F3xx_HAL_Driver\Src\stm32f3xx_hal_cortex.o
 .ARM.attributes
                0x000000c8       0x39 Drivers\STM32F3xx_HAL_Driver\Src\stm32f3xx_hal_dma.o
 .ARM.attributes
                0x00000101       0x39 Drivers\STM32F3xx_HAL_Driver\Src\stm32f3xx_hal_gpio.o
 .ARM.attributes
                0x0000013a       0x39 Drivers\STM32F3xx_HAL_Driver\Src\stm32f3xx_hal_rcc.o
 .ARM.attributes
                0x00000173       0x39 Drivers\STM32F3xx_HAL_Driver\Src\stm32f3xx_hal_rcc_ex.o
 .ARM.attributes
                0x000001ac       0x39 Drivers\STM32F3xx_HAL_Driver\Src\stm32f3xx_hal_uart.o
 .ARM.attributes
                0x000001e5       0x39 Drivers\STM32F3xx_HAL_Driver\Src\stm32f3xx_hal_uart_ex.o
 .ARM.attributes
                0x0000021e       0x39 Middlewares\Third_Party\FreeRTOS\Source\CMSIS_RTOS\cmsis_os.o
 .ARM.attributes
                0x00000257       0x39 Middlewares\Third_Party\FreeRTOS\Source\list.o
 .ARM.attributes
                0x00000290       0x39 Middlewares\Third_Party\FreeRTOS\Source\portable\GCC\ARM_CM4F\port.o
 .ARM.attributes
                0x000002c9       0x39 Middlewares\Third_Party\FreeRTOS\Source\portable\MemMang\heap_4.o
 .ARM.attributes
                0x00000302       0x39 Middlewares\Third_Party\FreeRTOS\Source\tasks.o
 .ARM.attributes
                0x0000033b       0x39 Src\carHw.o
 .ARM.attributes
                0x00000374       0x39 Src\driver.o
 .ARM.attributes
                0x000003ad       0x39 Src\extEnvironment.o
 .ARM.attributes
                0x000003e6       0x39 Src\main.o
 .ARM.attributes
                0x0000041f       0x39 Src\stm32f3xx_hal_msp.o
 .ARM.attributes
                0x00000458       0x39 Src\stm32f3xx_it.o
 .ARM.attributes
                0x00000491       0x39 Src\system_stm32f3xx.o
 .ARM.attributes
                0x000004ca       0x21 startup\startup_stm32f303xe.o
 .ARM.attributes
                0x000004eb       0x34 d:/atollic/truestudio for stm32 9.2.0/armtools/bin/../lib/gcc/arm-atollic-eabi/6.3.1/../../../../arm-atollic-eabi/lib/armv7e-m/fpu\libc_nano.a(lib_a-init.o)
 .ARM.attributes
                0x0000051f       0x34 d:/atollic/truestudio for stm32 9.2.0/armtools/bin/../lib/gcc/arm-atollic-eabi/6.3.1/../../../../arm-atollic-eabi/lib/armv7e-m/fpu\libc_nano.a(lib_a-memcpy-stub.o)
 .ARM.attributes
                0x00000553       0x34 d:/atollic/truestudio for stm32 9.2.0/armtools/bin/../lib/gcc/arm-atollic-eabi/6.3.1/../../../../arm-atollic-eabi/lib/armv7e-m/fpu\libc_nano.a(lib_a-memset.o)
 .ARM.attributes
                0x00000587       0x22 d:/atollic/truestudio for stm32 9.2.0/armtools/bin/../lib/gcc/arm-atollic-eabi/6.3.1/armv7e-m/fpu/crtn.o
OUTPUT(carBrain.elf elf32-littlearm)

.debug_info     0x00000000    0x17b22
 .debug_info    0x00000000     0x10e4 Drivers\STM32F3xx_HAL_Driver\Src\stm32f3xx_hal.o
 .debug_info    0x000010e4     0x1732 Drivers\STM32F3xx_HAL_Driver\Src\stm32f3xx_hal_cortex.o
 .debug_info    0x00002816     0x108d Drivers\STM32F3xx_HAL_Driver\Src\stm32f3xx_hal_dma.o
 .debug_info    0x000038a3      0xfec Drivers\STM32F3xx_HAL_Driver\Src\stm32f3xx_hal_gpio.o
 .debug_info    0x0000488f     0x1bcd Drivers\STM32F3xx_HAL_Driver\Src\stm32f3xx_hal_rcc.o
 .debug_info    0x0000645c      0xfa7 Drivers\STM32F3xx_HAL_Driver\Src\stm32f3xx_hal_rcc_ex.o
 .debug_info    0x00007403     0x2275 Drivers\STM32F3xx_HAL_Driver\Src\stm32f3xx_hal_uart.o
 .debug_info    0x00009678     0x118e Drivers\STM32F3xx_HAL_Driver\Src\stm32f3xx_hal_uart_ex.o
 .debug_info    0x0000a806     0x2504 Middlewares\Third_Party\FreeRTOS\Source\CMSIS_RTOS\cmsis_os.o
 .debug_info    0x0000cd0a      0xac0 Middlewares\Third_Party\FreeRTOS\Source\list.o
 .debug_info    0x0000d7ca      0x531 Middlewares\Third_Party\FreeRTOS\Source\portable\GCC\ARM_CM4F\port.o
 .debug_info    0x0000dcfb      0xca5 Middlewares\Third_Party\FreeRTOS\Source\portable\MemMang\heap_4.o
 .debug_info    0x0000e9a0     0x2997 Middlewares\Third_Party\FreeRTOS\Source\tasks.o
 .debug_info    0x00011337     0x1281 Src\carHw.o
 .debug_info    0x000125b8      0xaa5 Src\driver.o
 .debug_info    0x0001305d       0x3e Src\extEnvironment.o
 .debug_info    0x0001309b     0x1a1a Src\main.o
 .debug_info    0x00014ab5     0x1411 Src\stm32f3xx_hal_msp.o
 .debug_info    0x00015ec6      0xf74 Src\stm32f3xx_it.o
 .debug_info    0x00016e3a      0xc74 Src\system_stm32f3xx.o
 .debug_info    0x00017aae       0x74 startup\startup_stm32f303xe.o

.debug_abbrev   0x00000000     0x35c4
 .debug_abbrev  0x00000000      0x2f5 Drivers\STM32F3xx_HAL_Driver\Src\stm32f3xx_hal.o
 .debug_abbrev  0x000002f5      0x37d Drivers\STM32F3xx_HAL_Driver\Src\stm32f3xx_hal_cortex.o
 .debug_abbrev  0x00000672      0x2b2 Drivers\STM32F3xx_HAL_Driver\Src\stm32f3xx_hal_dma.o
 .debug_abbrev  0x00000924      0x268 Drivers\STM32F3xx_HAL_Driver\Src\stm32f3xx_hal_gpio.o
 .debug_abbrev  0x00000b8c      0x358 Drivers\STM32F3xx_HAL_Driver\Src\stm32f3xx_hal_rcc.o
 .debug_abbrev  0x00000ee4      0x329 Drivers\STM32F3xx_HAL_Driver\Src\stm32f3xx_hal_rcc_ex.o
 .debug_abbrev  0x0000120d      0x384 Drivers\STM32F3xx_HAL_Driver\Src\stm32f3xx_hal_uart.o
 .debug_abbrev  0x00001591      0x279 Drivers\STM32F3xx_HAL_Driver\Src\stm32f3xx_hal_uart_ex.o
 .debug_abbrev  0x0000180a      0x450 Middlewares\Third_Party\FreeRTOS\Source\CMSIS_RTOS\cmsis_os.o
 .debug_abbrev  0x00001c5a      0x1e3 Middlewares\Third_Party\FreeRTOS\Source\list.o
 .debug_abbrev  0x00001e3d      0x211 Middlewares\Third_Party\FreeRTOS\Source\portable\GCC\ARM_CM4F\port.o
 .debug_abbrev  0x0000204e      0x314 Middlewares\Third_Party\FreeRTOS\Source\portable\MemMang\heap_4.o
 .debug_abbrev  0x00002362      0x419 Middlewares\Third_Party\FreeRTOS\Source\tasks.o
 .debug_abbrev  0x0000277b      0x2ef Src\carHw.o
 .debug_abbrev  0x00002a6a      0x1d7 Src\driver.o
 .debug_abbrev  0x00002c41       0x37 Src\extEnvironment.o
 .debug_abbrev  0x00002c78      0x312 Src\main.o
 .debug_abbrev  0x00002f8a      0x235 Src\stm32f3xx_hal_msp.o
 .debug_abbrev  0x000031bf      0x211 Src\stm32f3xx_it.o
 .debug_abbrev  0x000033d0      0x1e2 Src\system_stm32f3xx.o
 .debug_abbrev  0x000035b2       0x12 startup\startup_stm32f303xe.o

.debug_loc      0x00000000     0x639f
 .debug_loc     0x00000000      0x11b Drivers\STM32F3xx_HAL_Driver\Src\stm32f3xx_hal.o
 .debug_loc     0x0000011b      0x4fb Drivers\STM32F3xx_HAL_Driver\Src\stm32f3xx_hal_cortex.o
 .debug_loc     0x00000616      0x5a6 Drivers\STM32F3xx_HAL_Driver\Src\stm32f3xx_hal_dma.o
 .debug_loc     0x00000bbc      0x2b7 Drivers\STM32F3xx_HAL_Driver\Src\stm32f3xx_hal_gpio.o
 .debug_loc     0x00000e73      0x962 Drivers\STM32F3xx_HAL_Driver\Src\stm32f3xx_hal_rcc.o
 .debug_loc     0x000017d5      0x858 Drivers\STM32F3xx_HAL_Driver\Src\stm32f3xx_hal_rcc_ex.o
 .debug_loc     0x0000202d     0x1431 Drivers\STM32F3xx_HAL_Driver\Src\stm32f3xx_hal_uart.o
 .debug_loc     0x0000345e      0x2fd Drivers\STM32F3xx_HAL_Driver\Src\stm32f3xx_hal_uart_ex.o
 .debug_loc     0x0000375b     0x1038 Middlewares\Third_Party\FreeRTOS\Source\CMSIS_RTOS\cmsis_os.o
 .debug_loc     0x00004793       0x94 Middlewares\Third_Party\FreeRTOS\Source\list.o
 .debug_loc     0x00004827       0xcf Middlewares\Third_Party\FreeRTOS\Source\portable\GCC\ARM_CM4F\port.o
 .debug_loc     0x000048f6      0x390 Middlewares\Third_Party\FreeRTOS\Source\portable\MemMang\heap_4.o
 .debug_loc     0x00004c86     0x1249 Middlewares\Third_Party\FreeRTOS\Source\tasks.o
 .debug_loc     0x00005ecf      0x2fc Src\carHw.o
 .debug_loc     0x000061cb       0x63 Src\main.o
 .debug_loc     0x0000622e       0x7c Src\stm32f3xx_hal_msp.o
 .debug_loc     0x000062aa       0xf5 Src\system_stm32f3xx.o

.debug_aranges  0x00000000      0xa98
 .debug_aranges
                0x00000000       0xd8 Drivers\STM32F3xx_HAL_Driver\Src\stm32f3xx_hal.o
 .debug_aranges
                0x000000d8       0xa8 Drivers\STM32F3xx_HAL_Driver\Src\stm32f3xx_hal_cortex.o
 .debug_aranges
                0x00000180       0x80 Drivers\STM32F3xx_HAL_Driver\Src\stm32f3xx_hal_dma.o
 .debug_aranges
                0x00000200       0x58 Drivers\STM32F3xx_HAL_Driver\Src\stm32f3xx_hal_gpio.o
 .debug_aranges
                0x00000258       0x88 Drivers\STM32F3xx_HAL_Driver\Src\stm32f3xx_hal_rcc.o
 .debug_aranges
                0x000002e0       0x38 Drivers\STM32F3xx_HAL_Driver\Src\stm32f3xx_hal_rcc_ex.o
 .debug_aranges
                0x00000318      0x1a0 Drivers\STM32F3xx_HAL_Driver\Src\stm32f3xx_hal_uart.o
 .debug_aranges
                0x000004b8       0x48 Drivers\STM32F3xx_HAL_Driver\Src\stm32f3xx_hal_uart_ex.o
 .debug_aranges
                0x00000500      0x190 Middlewares\Third_Party\FreeRTOS\Source\CMSIS_RTOS\cmsis_os.o
 .debug_aranges
                0x00000690       0x40 Middlewares\Third_Party\FreeRTOS\Source\list.o
 .debug_aranges
                0x000006d0       0x80 Middlewares\Third_Party\FreeRTOS\Source\portable\GCC\ARM_CM4F\port.o
 .debug_aranges
                0x00000750       0x48 Middlewares\Third_Party\FreeRTOS\Source\portable\MemMang\heap_4.o
 .debug_aranges
                0x00000798      0x170 Middlewares\Third_Party\FreeRTOS\Source\tasks.o
 .debug_aranges
                0x00000908       0x38 Src\carHw.o
 .debug_aranges
                0x00000940       0x20 Src\driver.o
 .debug_aranges
                0x00000960       0x20 Src\extEnvironment.o
 .debug_aranges
                0x00000980       0x48 Src\main.o
 .debug_aranges
                0x000009c8       0x30 Src\stm32f3xx_hal_msp.o
 .debug_aranges
                0x000009f8       0x50 Src\stm32f3xx_it.o
 .debug_aranges
                0x00000a48       0x28 Src\system_stm32f3xx.o
 .debug_aranges
                0x00000a70       0x28 startup\startup_stm32f303xe.o

.debug_ranges   0x00000000      0xe20
 .debug_ranges  0x00000000       0xc8 Drivers\STM32F3xx_HAL_Driver\Src\stm32f3xx_hal.o
 .debug_ranges  0x000000c8      0x138 Drivers\STM32F3xx_HAL_Driver\Src\stm32f3xx_hal_cortex.o
 .debug_ranges  0x00000200       0xa8 Drivers\STM32F3xx_HAL_Driver\Src\stm32f3xx_hal_dma.o
 .debug_ranges  0x000002a8       0x68 Drivers\STM32F3xx_HAL_Driver\Src\stm32f3xx_hal_gpio.o
 .debug_ranges  0x00000310      0x1f0 Drivers\STM32F3xx_HAL_Driver\Src\stm32f3xx_hal_rcc.o
 .debug_ranges  0x00000500       0x90 Drivers\STM32F3xx_HAL_Driver\Src\stm32f3xx_hal_rcc_ex.o
 .debug_ranges  0x00000590      0x190 Drivers\STM32F3xx_HAL_Driver\Src\stm32f3xx_hal_uart.o
 .debug_ranges  0x00000720       0x38 Drivers\STM32F3xx_HAL_Driver\Src\stm32f3xx_hal_uart_ex.o
 .debug_ranges  0x00000758      0x180 Middlewares\Third_Party\FreeRTOS\Source\CMSIS_RTOS\cmsis_os.o
 .debug_ranges  0x000008d8       0x30 Middlewares\Third_Party\FreeRTOS\Source\list.o
 .debug_ranges  0x00000908       0x88 Middlewares\Third_Party\FreeRTOS\Source\portable\GCC\ARM_CM4F\port.o
 .debug_ranges  0x00000990       0x38 Middlewares\Third_Party\FreeRTOS\Source\portable\MemMang\heap_4.o
 .debug_ranges  0x000009c8      0x270 Middlewares\Third_Party\FreeRTOS\Source\tasks.o
 .debug_ranges  0x00000c38       0x60 Src\carHw.o
 .debug_ranges  0x00000c98       0x10 Src\driver.o
 .debug_ranges  0x00000ca8       0x10 Src\extEnvironment.o
 .debug_ranges  0x00000cb8       0x70 Src\main.o
 .debug_ranges  0x00000d28       0x80 Src\stm32f3xx_hal_msp.o
 .debug_ranges  0x00000da8       0x40 Src\stm32f3xx_it.o
 .debug_ranges  0x00000de8       0x18 Src\system_stm32f3xx.o
 .debug_ranges  0x00000e00       0x20 startup\startup_stm32f303xe.o

.debug_line     0x00000000     0x62dc
 .debug_line    0x00000000      0x441 Drivers\STM32F3xx_HAL_Driver\Src\stm32f3xx_hal.o
 .debug_line    0x00000441      0x49f Drivers\STM32F3xx_HAL_Driver\Src\stm32f3xx_hal_cortex.o
 .debug_line    0x000008e0      0x532 Drivers\STM32F3xx_HAL_Driver\Src\stm32f3xx_hal_dma.o
 .debug_line    0x00000e12      0x447 Drivers\STM32F3xx_HAL_Driver\Src\stm32f3xx_hal_gpio.o
 .debug_line    0x00001259      0x85e Drivers\STM32F3xx_HAL_Driver\Src\stm32f3xx_hal_rcc.o
 .debug_line    0x00001ab7      0x55a Drivers\STM32F3xx_HAL_Driver\Src\stm32f3xx_hal_rcc_ex.o
 .debug_line    0x00002011      0xd20 Drivers\STM32F3xx_HAL_Driver\Src\stm32f3xx_hal_uart.o
 .debug_line    0x00002d31      0x3b3 Drivers\STM32F3xx_HAL_Driver\Src\stm32f3xx_hal_uart_ex.o
 .debug_line    0x000030e4      0x898 Middlewares\Third_Party\FreeRTOS\Source\CMSIS_RTOS\cmsis_os.o
 .debug_line    0x0000397c      0x318 Middlewares\Third_Party\FreeRTOS\Source\list.o
 .debug_line    0x00003c94      0x321 Middlewares\Third_Party\FreeRTOS\Source\portable\GCC\ARM_CM4F\port.o
 .debug_line    0x00003fb5      0x3c5 Middlewares\Third_Party\FreeRTOS\Source\portable\MemMang\heap_4.o
 .debug_line    0x0000437a      0xb37 Middlewares\Third_Party\FreeRTOS\Source\tasks.o
 .debug_line    0x00004eb1      0x399 Src\carHw.o
 .debug_line    0x0000524a      0x291 Src\driver.o
 .debug_line    0x000054db       0x45 Src\extEnvironment.o
 .debug_line    0x00005520      0x485 Src\main.o
 .debug_line    0x000059a5      0x324 Src\stm32f3xx_hal_msp.o
 .debug_line    0x00005cc9      0x327 Src\stm32f3xx_it.o
 .debug_line    0x00005ff0      0x26d Src\system_stm32f3xx.o
 .debug_line    0x0000625d       0x7f startup\startup_stm32f303xe.o

.debug_str      0x00000000     0x44ca
 .debug_str     0x00000000      0xdf2 Drivers\STM32F3xx_HAL_Driver\Src\stm32f3xx_hal.o
                                0xe93 (size before relaxing)
 .debug_str     0x00000df2      0x3e0 Drivers\STM32F3xx_HAL_Driver\Src\stm32f3xx_hal_cortex.o
                               0x10b1 (size before relaxing)
 .debug_str     0x000011d2      0x3f9 Drivers\STM32F3xx_HAL_Driver\Src\stm32f3xx_hal_dma.o
                                0xb38 (size before relaxing)
 .debug_str     0x000015cb      0x248 Drivers\STM32F3xx_HAL_Driver\Src\stm32f3xx_hal_gpio.o
                                0x9c9 (size before relaxing)
 .debug_str     0x00001813      0x30d Drivers\STM32F3xx_HAL_Driver\Src\stm32f3xx_hal_rcc.o
                                0xb28 (size before relaxing)
 .debug_str     0x00001b20      0x2b9 Drivers\STM32F3xx_HAL_Driver\Src\stm32f3xx_hal_rcc_ex.o
                                0xabc (size before relaxing)
 .debug_str     0x00001dd9      0x932 Drivers\STM32F3xx_HAL_Driver\Src\stm32f3xx_hal_uart.o
                               0x1345 (size before relaxing)
 .debug_str     0x0000270b       0xf6 Drivers\STM32F3xx_HAL_Driver\Src\stm32f3xx_hal_uart_ex.o
                                0xd49 (size before relaxing)
 .debug_str     0x00002801      0xb40 Middlewares\Third_Party\FreeRTOS\Source\CMSIS_RTOS\cmsis_os.o
                               0x1202 (size before relaxing)
 .debug_str     0x00003341      0x159 Middlewares\Third_Party\FreeRTOS\Source\list.o
                                0x74f (size before relaxing)
 .debug_str     0x0000349a      0x21e Middlewares\Third_Party\FreeRTOS\Source\portable\GCC\ARM_CM4F\port.o
                                0x47e (size before relaxing)
 .debug_str     0x000036b8      0x1e8 Middlewares\Third_Party\FreeRTOS\Source\portable\MemMang\heap_4.o
                                0x838 (size before relaxing)
 .debug_str     0x000038a0      0x824 Middlewares\Third_Party\FreeRTOS\Source\tasks.o
                               0x124a (size before relaxing)
 .debug_str     0x000040c4       0xef Src\carHw.o
                                0xc80 (size before relaxing)
 .debug_str     0x000041b3       0x1a Src\driver.o
                                0x71d (size before relaxing)
 .debug_str     0x000041cd       0x2a Src\extEnvironment.o
                                0x129 (size before relaxing)
 .debug_str     0x000041f7      0x1cb Src\main.o
                               0x12ce (size before relaxing)
 .debug_str     0x000043c2       0x1b Src\stm32f3xx_hal_msp.o
                               0x10f8 (size before relaxing)
 .debug_str     0x000043dd       0x9d Src\stm32f3xx_it.o
                                0xbe3 (size before relaxing)
 .debug_str     0x0000447a       0x50 Src\system_stm32f3xx.o
                                0x7ad (size before relaxing)

.comment        0x00000000       0x7c
 .comment       0x00000000       0x7c Drivers\STM32F3xx_HAL_Driver\Src\stm32f3xx_hal.o
                                 0x7d (size before relaxing)
 .comment       0x0000007c       0x7d Drivers\STM32F3xx_HAL_Driver\Src\stm32f3xx_hal_cortex.o
 .comment       0x0000007c       0x7d Drivers\STM32F3xx_HAL_Driver\Src\stm32f3xx_hal_dma.o
 .comment       0x0000007c       0x7d Drivers\STM32F3xx_HAL_Driver\Src\stm32f3xx_hal_gpio.o
 .comment       0x0000007c       0x7d Drivers\STM32F3xx_HAL_Driver\Src\stm32f3xx_hal_rcc.o
 .comment       0x0000007c       0x7d Drivers\STM32F3xx_HAL_Driver\Src\stm32f3xx_hal_rcc_ex.o
 .comment       0x0000007c       0x7d Drivers\STM32F3xx_HAL_Driver\Src\stm32f3xx_hal_uart.o
 .comment       0x0000007c       0x7d Drivers\STM32F3xx_HAL_Driver\Src\stm32f3xx_hal_uart_ex.o
 .comment       0x0000007c       0x7d Middlewares\Third_Party\FreeRTOS\Source\CMSIS_RTOS\cmsis_os.o
 .comment       0x0000007c       0x7d Middlewares\Third_Party\FreeRTOS\Source\list.o
 .comment       0x0000007c       0x7d Middlewares\Third_Party\FreeRTOS\Source\portable\GCC\ARM_CM4F\port.o
 .comment       0x0000007c       0x7d Middlewares\Third_Party\FreeRTOS\Source\portable\MemMang\heap_4.o
 .comment       0x0000007c       0x7d Middlewares\Third_Party\FreeRTOS\Source\tasks.o
 .comment       0x0000007c       0x7d Src\carHw.o
 .comment       0x0000007c       0x7d Src\driver.o
 .comment       0x0000007c       0x7d Src\extEnvironment.o
 .comment       0x0000007c       0x7d Src\main.o
 .comment       0x0000007c       0x7d Src\stm32f3xx_hal_msp.o
 .comment       0x0000007c       0x7d Src\stm32f3xx_it.o
 .comment       0x0000007c       0x7d Src\system_stm32f3xx.o

.debug_frame    0x00000000     0x1bd4
 .debug_frame   0x00000000      0x1d0 Drivers\STM32F3xx_HAL_Driver\Src\stm32f3xx_hal.o
 .debug_frame   0x000001d0      0x158 Drivers\STM32F3xx_HAL_Driver\Src\stm32f3xx_hal_cortex.o
 .debug_frame   0x00000328      0x15c Drivers\STM32F3xx_HAL_Driver\Src\stm32f3xx_hal_dma.o
 .debug_frame   0x00000484       0xd8 Drivers\STM32F3xx_HAL_Driver\Src\stm32f3xx_hal_gpio.o
 .debug_frame   0x0000055c      0x144 Drivers\STM32F3xx_HAL_Driver\Src\stm32f3xx_hal_rcc.o
 .debug_frame   0x000006a0       0xb8 Drivers\STM32F3xx_HAL_Driver\Src\stm32f3xx_hal_rcc_ex.o
 .debug_frame   0x00000758      0x568 Drivers\STM32F3xx_HAL_Driver\Src\stm32f3xx_hal_uart.o
 .debug_frame   0x00000cc0       0xa0 Drivers\STM32F3xx_HAL_Driver\Src\stm32f3xx_hal_uart_ex.o
 .debug_frame   0x00000d60      0x4d4 Middlewares\Third_Party\FreeRTOS\Source\CMSIS_RTOS\cmsis_os.o
 .debug_frame   0x00001234       0x6c Middlewares\Third_Party\FreeRTOS\Source\list.o
 .debug_frame   0x000012a0       0xf0 Middlewares\Third_Party\FreeRTOS\Source\portable\GCC\ARM_CM4F\port.o
 .debug_frame   0x00001390       0x98 Middlewares\Third_Party\FreeRTOS\Source\portable\MemMang\heap_4.o
 .debug_frame   0x00001428      0x4ac Middlewares\Third_Party\FreeRTOS\Source\tasks.o
 .debug_frame   0x000018d4       0x70 Src\carHw.o
 .debug_frame   0x00001944       0x2c Src\driver.o
 .debug_frame   0x00001970       0x20 Src\extEnvironment.o
 .debug_frame   0x00001990       0xa4 Src\main.o
 .debug_frame   0x00001a34       0x58 Src\stm32f3xx_hal_msp.o
 .debug_frame   0x00001a8c       0x9c Src\stm32f3xx_it.o
 .debug_frame   0x00001b28       0x38 Src\system_stm32f3xx.o
 .debug_frame   0x00001b60       0x2c d:/atollic/truestudio for stm32 9.2.0/armtools/bin/../lib/gcc/arm-atollic-eabi/6.3.1/../../../../arm-atollic-eabi/lib/armv7e-m/fpu\libc_nano.a(lib_a-init.o)
 .debug_frame   0x00001b8c       0x28 d:/atollic/truestudio for stm32 9.2.0/armtools/bin/../lib/gcc/arm-atollic-eabi/6.3.1/../../../../arm-atollic-eabi/lib/armv7e-m/fpu\libc_nano.a(lib_a-memcpy-stub.o)
 .debug_frame   0x00001bb4       0x20 d:/atollic/truestudio for stm32 9.2.0/armtools/bin/../lib/gcc/arm-atollic-eabi/6.3.1/../../../../arm-atollic-eabi/lib/armv7e-m/fpu\libc_nano.a(lib_a-memset.o)
